// Jest Snapshot v1, https://goo.gl/fbAQLP

exports[`renders correctly 1`] = `
<View>
  <Text>
    这是信息界面
  </Text>
</View>
`;
